=== Quantum Annealing - Fossolo ===
Timestamp: 2025-12-14T10:43:11.513592
Solver: Advantage_system6.4
Parameters: num_reads=4000


Solver ID: Advantage_system6.4
Topology: Pegasus
Number of qubits: 5612
Number of couplers: 40088

Running quantum annealing...

Total time for Quantum Annealing: 1.7956 seconds
QPU access time: 0.4944 seconds
Number of samples: 2239
Unique solutions: 140
Min energy: 2.494124242067489

Solver info: {'timing': {'qpu_sampling_time': 478480.0, 'qpu_anneal_time_per_sample': 20.0, 'qpu_readout_time_per_sample': 79.04, 'qpu_access_time': 494403.96, 'qpu_access_overhead_time': 12303.04, 'qpu_programming_time': 15923.96, 'qpu_delay_time_per_sample': 20.58, 'post_processing_overhead_time': 571.0, 'total_post_processing_time': 571.0}, 'problem_id': 'cb74d5ba-f641-45e5-a091-9820afab1b7f', 'embedding_context': {'embedding': {1: (3776, 4184, 2269, 4183, 4182, 2271, 2270), 0: (2750, 2329, 3837, 3838, 3839), 2: (3912, 3761, 3764, 3763, 2360, 2359, 3762), 3: (2449, 2450, 3987, 3989, 3988), 4: (3719, 2719, 2722, 2721, 2720), 5: (2346, 2345, 3869, 3868, 2195, 3867), 6: (2661, 2659, 2660), 7: (2765, 4002, 2764, 4003, 4004), 8: (4169, 2704, 2705, 2707, 2706), 9: (2644, 2646, 2645), 10: (3926, 2555, 3929, 3927, 3928), 11: (2779, 2780, 2781, 2316, 4152, 4153, 4154), 12: (2539, 4139, 4138, 2542, 2540, 2541), 13: (3824, 2390, 2255, 3823, 2254, 3822), 14: (2421, 4064, 4063, 4092, 2419, 2420), 15: (2284, 2286, 2285, 3884, 3883, 3882), 16: (2436, 2435, 2434, 3854, 3853), 17: (3749, 3748, 4048, 2509, 2511, 2510), 18: (2376, 2375, 3899, 3897, 3898), 19: (3971, 2210, 3941, 3942, 3944, 3943), 20: (4109, 4108, 4244, 2601, 2599, 2600), 21: (3972, 3974, 3973), 22: (2689, 3704, 2691, 2690), 23: (2735, 3956, 3959, 3957, 3958), 24: (3674, 2572, 4123, 2571, 2570, 2569), 25: (2524, 2300, 2299, 3809, 3808, 3807), 26: (3792, 2616, 3793, 2615, 3794, 2614), 27: (2809, 3779, 3778, 3777, 2314, 2315), 28: (2464, 4017, 2465, 4019, 4018), 29: (2631, 2630, 3733, 2628, 2629), 30: (4199, 4198, 2494, 2495, 2496), 31: (4094, 4093, 2584, 2586, 2585), 32: (2466, 2404, 2405, 4079, 4078), 33: (4214, 4213, 4212, 2330, 4047, 2196, 2197), 34: (2674, 2676, 4049, 2675), 35: (2527, 3914, 2526, 2525, 3913), 36: (2391, 2479, 4032, 4034, 2480, 4033)}, 'chain_break_method': 'majority_vote', 'embedding_parameters': {}, 'chain_strength': 23.684967290156195}}

First 10 samples:
  Sample 1: Energy=2.494124, Occurrences=1
  Sample 2: Energy=2.494124, Occurrences=1
  Sample 3: Energy=2.494124, Occurrences=1
  Sample 4: Energy=2.531058, Occurrences=1
  Sample 5: Energy=2.531058, Occurrences=1
  Sample 6: Energy=2.531058, Occurrences=1
  Sample 7: Energy=2.531058, Occurrences=1
  Sample 8: Energy=2.531058, Occurrences=1
  Sample 9: Energy=2.531058, Occurrences=1
  Sample 10: Energy=2.531058, Occurrences=1
