=== Quantum Annealing - Apulia ===
Timestamp: 2025-12-14T11:44:27.273466
Solver: Advantage_system6.4
Parameters: num_reads=4000


Solver ID: Advantage_system6.4
Topology: Pegasus
Number of qubits: 5612
Number of couplers: 40088

Running quantum annealing...

Total time for Quantum Annealing: 0.5470 seconds
QPU access time: 0.4435 seconds
Number of samples: 739
Unique solutions: 225
Min energy: 1.9689603044228008

Solver info: {'timing': {'qpu_sampling_time': 427600.0, 'qpu_anneal_time_per_sample': 20.0, 'qpu_readout_time_per_sample': 66.32, 'qpu_access_time': 443522.76, 'qpu_access_overhead_time': 11555.24, 'qpu_programming_time': 15922.76, 'qpu_delay_time_per_sample': 20.58, 'post_processing_overhead_time': 43.0, 'total_post_processing_time': 43.0}, 'problem_id': '85fb5a0c-6d7a-44d8-b977-183fe0617bdb', 'embedding_context': {'embedding': {1: (2295, 3328, 3327, 2296), 0: (3148, 3087, 2415), 2: (3206, 2356, 3208, 3207), 3: (2266, 2416, 2341, 3253, 3252), 4: (3223, 3283, 2490, 2491), 5: (2445, 3387, 2446), 6: (2983, 2370, 2372, 2371), 7: (3101, 3103, 3102), 8: (3268, 2280, 2281, 3267), 9: (3238, 3237, 2310, 2311), 10: (2477, 2475, 2476), 11: (3116, 3118, 3117), 12: (2191, 3193, 3192, 3191), 13: (3417, 2460, 2462, 2461), 14: (3088, 2522, 2521, 2520), 15: (3372, 2430, 2431), 16: (2220, 3133, 3132), 17: (3073, 3072, 2265), 18: (2326, 2536, 3178, 3177), 19: (3313, 3297, 2400, 2401), 20: (3147, 3058, 3057, 2325), 21: (2387, 2998, 2385, 2386), 22: (3163, 2250, 3162), 23: (3298, 2505, 2506)}, 'chain_break_method': 'majority_vote', 'embedding_parameters': {}, 'chain_strength': 15.186455498782514}}

First 10 samples:
  Sample 1: Energy=1.968960, Occurrences=4
  Sample 2: Energy=1.968960, Occurrences=1
  Sample 3: Energy=1.968960, Occurrences=1
  Sample 4: Energy=1.991266, Occurrences=1
  Sample 5: Energy=2.021529, Occurrences=1
  Sample 6: Energy=2.028686, Occurrences=2
  Sample 7: Energy=2.049180, Occurrences=1
  Sample 8: Energy=2.049180, Occurrences=3
  Sample 9: Energy=2.058705, Occurrences=1
  Sample 10: Energy=2.058705, Occurrences=1
